D:\ShreeyaFolder\Sample\Sample\src\main\java\com\PageFactory\BankUserDashboardPage.java
D:\ShreeyaFolder\Sample\Sample\src\main\java\com\generics\CustomReporter.java
D:\ShreeyaFolder\Sample\Sample\src\main\java\com\PageFactory\StatusDashboardPage.java
D:\ShreeyaFolder\Sample\Sample\src\main\java\com\generics\CustomReporterHelper.java
D:\ShreeyaFolder\Sample\Sample\src\main\java\com\PageFactory\API\JSonPage.java
D:\ShreeyaFolder\Sample\Sample\src\main\java\com\PageFactory\ExceptionQueueMakerPage.java
D:\ShreeyaFolder\Sample\Sample\src\main\java\com\generics\ValidationUtils.java
D:\ShreeyaFolder\Sample\Sample\src\main\java\com\PageFactory\TransactionInquiryPage.java
D:\ShreeyaFolder\Sample\Sample\src\main\java\com\PageFactory\WUPPSFinalRequestNumberPage.java
D:\ShreeyaFolder\Sample\Sample\src\main\java\com\generics\Pojo.java
D:\ShreeyaFolder\Sample\Sample\src\main\java\com\PageFactory\CorporateReferenceNoPage.java
D:\ShreeyaFolder\Sample\Sample\src\main\java\com\PageFactory\HomePage.java
D:\ShreeyaFolder\Sample\Sample\src\main\java\com\PageFactory\LoginPage.java
D:\ShreeyaFolder\Sample\Sample\src\main\java\com\generics\DecryptionAlgo.java
D:\ShreeyaFolder\Sample\Sample\src\main\java\com\generics\WrapperFunctions.java
D:\ShreeyaFolder\Sample\Sample\src\main\java\com\generics\XsdErrorHandler.java
D:\ShreeyaFolder\Sample\Sample\src\main\java\com\generics\BaseTest.java
D:\ShreeyaFolder\Sample\Sample\src\main\java\com\generics\Utilities.java
D:\ShreeyaFolder\Sample\Sample\src\main\java\com\PageFactory\ExceptionQueueCheckerPage.java
